frontend/src/app/performance/evaluate/[assignmentId]/page.tsx(6,21): error TS2307: Cannot find module '@/lib/api' or its corresponding type declarations.
frontend/src/app/performance/evaluate/[assignmentId]/page.tsx(7,28): error TS2307: Cannot find module '@/components/protected-route' or its corresponding type declarations.
frontend/src/app/performance/evaluate/[assignmentId]/page.tsx(8,25): error TS2307: Cannot find module '@/providers/auth-provider' or its corresponding type declarations.
frontend/src/app/performance/manager/evaluations/page.tsx(16,21): error TS2307: Cannot find module '@/lib/api' or its corresponding type declarations.
frontend/src/app/performance/manager/evaluations/page.tsx(17,28): error TS2307: Cannot find module '@/components/protected-route' or its corresponding type declarations.
frontend/src/app/performance/manager/evaluations/page.tsx(18,25): error TS2307: Cannot find module '@/providers/auth-provider' or its corresponding type declarations.
